event.name=cgroup_bpf.target_released_link_observation elapsed_ms=0 link=sock_create link_id=93 program_id=258 attach_type=2 cgroup_id=8080
event.name=cgroup_bpf.target_released_link_observation elapsed_ms=0 link=connect4 link_id=94 program_id=259 attach_type=10 cgroup_id=8080
event.name=cgroup_bpf.target_released_link_observation elapsed_ms=0 link=connect6 link_id=95 program_id=260 attach_type=11 cgroup_id=8080
event.name=cgroup_bpf.target_released_link_observation elapsed_ms=0 link=sendmsg4 link_id=96 program_id=261 attach_type=14 cgroup_id=0
event.name=cgroup_bpf.target_released_link_observation elapsed_ms=0 link=sendmsg6 link_id=97 program_id=262 attach_type=15 cgroup_id=0
event.name=cgroup_bpf.target_released_link_observation elapsed_ms=0 link=sock_ops link_id=98 program_id=263 attach_type=3 cgroup_id=0
event.name=cgroup_bpf.target_released_link_observation elapsed_ms=17 link=sock_create link_id=93 program_id=258 attach_type=2 cgroup_id=0
event.name=cgroup_bpf.target_released_link_observation elapsed_ms=17 link=connect4 link_id=94 program_id=259 attach_type=10 cgroup_id=0
event.name=cgroup_bpf.target_released_link_observation elapsed_ms=17 link=connect6 link_id=95 program_id=260 attach_type=11 cgroup_id=0
event.name=cgroup_bpf.target_released_link_observation elapsed_ms=17 link=sendmsg4 link_id=96 program_id=261 attach_type=14 cgroup_id=0
event.name=cgroup_bpf.target_released_link_observation elapsed_ms=17 link=sendmsg6 link_id=97 program_id=262 attach_type=15 cgroup_id=0
event.name=cgroup_bpf.target_released_link_observation elapsed_ms=17 link=sock_ops link_id=98 program_id=263 attach_type=3 cgroup_id=0
event.name=cgroup_bpf.target_released result=PASS recorded_cgroup_id=8080 current_cgroup_id=0 target_absent=true detach_timeout_ms=5000 poll_interval_ms=10
event.name=cgroup_bpf.target_released_link_detach link=sock_create link_id=93 program_id=258 attach_type=2 before_cgroup_id=0 after_cgroup_id=0
event.name=cgroup_bpf.target_released_link_detach link=connect4 link_id=94 program_id=259 attach_type=10 before_cgroup_id=0 after_cgroup_id=0
event.name=cgroup_bpf.target_released_link_detach link=connect6 link_id=95 program_id=260 attach_type=11 before_cgroup_id=0 after_cgroup_id=0
event.name=cgroup_bpf.target_released_link_detach link=sendmsg4 link_id=96 program_id=261 attach_type=14 before_cgroup_id=0 after_cgroup_id=0
event.name=cgroup_bpf.target_released_link_detach link=sendmsg6 link_id=97 program_id=262 attach_type=15 before_cgroup_id=0 after_cgroup_id=0
event.name=cgroup_bpf.target_released_link_detach link=sock_ops link_id=98 program_id=263 attach_type=3 before_cgroup_id=0 after_cgroup_id=0
event.name=cgroup_bpf.recovery_cleanup_observation elapsed_ms=0 surviving=program:258,program:259,program:260,program:261,program:262,program:263,map:157,map:163,map:159,map:158,map:161,map:162
