sock-create-inet6-deny_agent_stderr_begin
sock-create-inet6-deny_agent_stderr_end
sock-create-inet6-control_agent_stderr_begin
sock-create-inet6-control_agent_stderr_end
connect6-deny_agent_stderr_begin
connect6-deny_agent_stderr_end
connect6-omitted-control_agent_stderr_begin
connect6-omitted-control_agent_stderr_end
sendmsg4-deny_agent_stderr_begin
sendmsg4-deny_agent_stderr_end
sendmsg4-omitted-control_agent_stderr_begin
sendmsg4-omitted-control_agent_stderr_end
sendmsg6-deny_agent_stderr_begin
sendmsg6-deny_agent_stderr_end
sendmsg6-omitted-control_agent_stderr_begin
sendmsg6-omitted-control_agent_stderr_end
connect4-deny_agent_stderr_begin
connect4-deny_agent_stderr_end
connect4-omitted-control_agent_stderr_begin
connect4-omitted-control_agent_stderr_end
sockops-present-control_agent_stderr_begin
sockops-present-control_agent_stderr_end
sockops-omitted_agent_stderr_begin
sockops-omitted_agent_stderr_end
