test=S5
execution_cgroup=/sys/fs/cgroup/system.slice/soglia-spike-s5-57802605753.service/executions/s1-e1
execution_cgroup_inode=11310
exec_ident=5001001
phase_begin=sock-create-inet6-deny
phase_object=/var/tmp/soglia-spike-2/bpf/soglia-diag.o
phase_omitted_hook=none
phase_agent_command=sock inet6 stream
sock-create-inet6-deny_cgroup_direct_json=[{"attach_btf_id":0,"attach_btf_name":"","attach_btf_obj_id":0,"attach_flags":"multi","attach_type":"cgroup_inet_sock_create","id":432,"name":"soglia_sock_create"},{"attach_btf_id":0,"attach_btf_name":"","attach_btf_obj_id":0,"attach_flags":"multi","attach_type":"cgroup_inet4_connect","id":433,"name":"soglia_connect4"},{"attach_btf_id":0,"attach_btf_name":"","attach_btf_obj_id":0,"attach_flags":"multi","attach_type":"cgroup_inet6_connect","id":434,"name":"soglia_connect6"},{"attach_btf_id":0,"attach_btf_name":"","attach_btf_obj_id":0,"attach_flags":"multi","attach_type":"cgroup_udp4_sendmsg","id":435,"name":"soglia_sendmsg4"},{"attach_btf_id":0,"attach_btf_name":"","attach_btf_obj_id":0,"attach_flags":"multi","attach_type":"cgroup_udp6_sendmsg","id":436,"name":"soglia_sendmsg6"},{"attach_btf_id":0,"attach_btf_name":"","attach_btf_obj_id":0,"attach_flags":"multi","attach_type":"cgroup_sock_ops","id":437,"name":"soglia_sockops"}]
sock-create-inet6-deny_cgroup_effective_json=[{"attach_btf_id":0,"attach_btf_name":"","attach_btf_obj_id":0,"attach_type":"cgroup_inet_sock_create","id":432,"name":"soglia_sock_create"},{"attach_btf_id":0,"attach_btf_name":"","attach_btf_obj_id":0,"attach_type":"cgroup_inet4_connect","id":433,"name":"soglia_connect4"},{"attach_btf_id":0,"attach_btf_name":"","attach_btf_obj_id":0,"attach_type":"cgroup_inet6_connect","id":434,"name":"soglia_connect6"},{"attach_btf_id":0,"attach_btf_name":"","attach_btf_obj_id":0,"attach_type":"cgroup_udp4_sendmsg","id":435,"name":"soglia_sendmsg4"},{"attach_btf_id":0,"attach_btf_name":"","attach_btf_obj_id":0,"attach_type":"cgroup_udp6_sendmsg","id":436,"name":"soglia_sendmsg6"},{"attach_btf_id":0,"attach_btf_name":"","attach_btf_obj_id":0,"attach_type":"cgroup_sock_ops","id":437,"name":"soglia_sockops"}]
sock-create-inet6-deny_direct_program_count=6
sock-create-inet6-deny_effective_program_count=6
sock-create-inet6-deny_omitted_hook=none
sock-create-inet6-deny_actual_agent_pid=8137
sock-create-inet6-deny_target_cgroup_inode=11310
sock-create-inet6-deny_expected_proc_cgroup=0::/system.slice/soglia-spike-s5-57802605753.service/executions/s1-e1
sock-create-inet6-deny_proc_exact_membership=true
sock-create-inet6-deny_cgroup_procs_contains_agent=true
sock-create-inet6-deny_agent_netns_inode=4026532347
sock-create-inet6-deny_owned_netns_inode=4026532347
sock-create-inet6-deny_netns_exact_membership=true
sock-create-inet6-deny_agent_status_exit=Some(0) signal=None
sock-create-inet6-deny_agent_stdout_begin
{"cmd":"barrier /run/soglia-spike-s5-sock-create-inet6-deny-agent.ready /run/soglia-spike-s5-sock-create-inet6-deny-agent.go 15","ok":true,"detail":"released pid=8137"}
{"cmd":"sock inet6 stream","ok":false,"errno":1,"error":"Operation not permitted (os error 1)"}
sock-create-inet6-deny_agent_stdout_end
sock-create-inet6-deny_listener_accepted=false
sock-create-inet6-deny_datagram_received=false
sock-create-inet6-deny_soglia_diag_entries_dump=[{"key":["0x00","0x00","0x00","0x00"],"value":["0x01","0x00","0x00","0x00","0x00","0x00","0x00","0x00"],"formatted":{"key":0,"value":1}},{"key":["0x01","0x00","0x00","0x00"],"value":["0x00","0x00","0x00","0x00","0x00","0x00","0x00","0x00"],"formatted":{"key":1,"value":0}},{"key":["0x02","0x00","0x00","0x00"],"value":["0x00","0x00","0x00","0x00","0x00","0x00","0x00","0x00"],"formatted":{"key":2,"value":0}},{"key":["0x03","0x00","0x00","0x00"],"value":["0x00","0x00","0x00","0x00","0x00","0x00","0x00","0x00"],"formatted":{"key":3,"value":0}},{"key":["0x04","0x00","0x00","0x00"],"value":["0x00","0x00","0x00","0x00","0x00","0x00","0x00","0x00"],"formatted":{"key":4,"value":0}},{"key":["0x05","0x00","0x00","0x00"],"value":["0x00","0x00","0x00","0x00","0x00","0x00","0x00","0x00"],"formatted":{"key":5,"value":0}},{"key":["0x06","0x00","0x00","0x00"],"value":["0x00","0x00","0x00","0x00","0x00","0x00","0x00","0x00"],"formatted":{"key":6,"value":0}}]
sock-create-inet6-deny_soglia_counters_dump=[{"key":["0x00","0x00","0x00","0x00"],"value":["0x00","0x00","0x00","0x00","0x00","0x00","0x00","0x00"],"formatted":{"key":0,"value":0}},{"key":["0x01","0x00","0x00","0x00"],"value":["0x00","0x00","0x00","0x00","0x00","0x00","0x00","0x00"],"formatted":{"key":1,"value":0}},{"key":["0x02","0x00","0x00","0x00"],"value":["0x00","0x00","0x00","0x00","0x00","0x00","0x00","0x00"],"formatted":{"key":2,"value":0}},{"key":["0x03","0x00","0x00","0x00"],"value":["0x01","0x00","0x00","0x00","0x00","0x00","0x00","0x00"],"formatted":{"key":3,"value":1}},{"key":["0x04","0x00","0x00","0x00"],"value":["0x00","0x00","0x00","0x00","0x00","0x00","0x00","0x00"],"formatted":{"key":4,"value":0}},{"key":["0x05","0x00","0x00","0x00"],"value":["0x00","0x00","0x00","0x00","0x00","0x00","0x00","0x00"],"formatted":{"key":5,"value":0}},{"key":["0x06","0x00","0x00","0x00"],"value":["0x00","0x00","0x00","0x00","0x00","0x00","0x00","0x00"],"formatted":{"key":6,"value":0}},{"key":["0x07","0x00","0x00","0x00"],"value":["0x00","0x00","0x00","0x00","0x00","0x00","0x00","0x00"],"formatted":{"key":7,"value":0}},{"key":["0x08","0x00","0x00","0x00"],"value":["0x00","0x00","0x00","0x00","0x00","0x00","0x00","0x00"],"formatted":{"key":8,"value":0}}]
sock-create-inet6-deny_soglia_denies_dump=[{"key":["0x2e","0x2c","0x00","0x00","0x00","0x00","0x00","0x00"],"value":["0x01","0x00","0x00","0x00","0x00","0x00","0x00","0x00"],"formatted":{"key":11310,"value":1}}]
sock-create-inet6-deny_soglia_tuples_dump=[]
sock-create-inet6-deny_soglia_cookie_a_dump=[]
sock-create-inet6-deny_event_0_hex=03000000050000002e2c00000000000000000000000000000a0000000100000000000000000000006279b27c15000000
sock-create-inet6-deny_diag=[1, 0, 0, 0, 0, 0, 0]
sock-create-inet6-deny_counters=[0, 0, 0, 1, 0, 0, 0, 0, 0]
sock-create-inet6-deny_deny_entries=1
sock-create-inet6-deny_tuple_entries=0
sock-create-inet6-deny_cookie_entries=0
sock-create-inet6-deny_event_count=1
phase_end=sock-create-inet6-deny
phase_begin=sock-create-inet6-control
phase_object=/var/tmp/soglia-spike-2/bpf/soglia-relax-inet6-diag.o
phase_omitted_hook=none
phase_agent_command=sock inet6 stream
sock-create-inet6-control_cgroup_direct_json=[{"attach_btf_id":0,"attach_btf_name":"","attach_btf_obj_id":0,"attach_flags":"multi","attach_type":"cgroup_inet_sock_create","id":438,"name":"soglia_sock_create"},{"attach_btf_id":0,"attach_btf_name":"","attach_btf_obj_id":0,"attach_flags":"multi","attach_type":"cgroup_inet4_connect","id":439,"name":"soglia_connect4"},{"attach_btf_id":0,"attach_btf_name":"","attach_btf_obj_id":0,"attach_flags":"multi","attach_type":"cgroup_inet6_connect","id":440,"name":"soglia_connect6"},{"attach_btf_id":0,"attach_btf_name":"","attach_btf_obj_id":0,"attach_flags":"multi","attach_type":"cgroup_udp4_sendmsg","id":441,"name":"soglia_sendmsg4"},{"attach_btf_id":0,"attach_btf_name":"","attach_btf_obj_id":0,"attach_flags":"multi","attach_type":"cgroup_udp6_sendmsg","id":442,"name":"soglia_sendmsg6"},{"attach_btf_id":0,"attach_btf_name":"","attach_btf_obj_id":0,"attach_flags":"multi","attach_type":"cgroup_sock_ops","id":443,"name":"soglia_sockops"}]
sock-create-inet6-control_cgroup_effective_json=[{"attach_btf_id":0,"attach_btf_name":"","attach_btf_obj_id":0,"attach_type":"cgroup_inet_sock_create","id":438,"name":"soglia_sock_create"},{"attach_btf_id":0,"attach_btf_name":"","attach_btf_obj_id":0,"attach_type":"cgroup_inet4_connect","id":439,"name":"soglia_connect4"},{"attach_btf_id":0,"attach_btf_name":"","attach_btf_obj_id":0,"attach_type":"cgroup_inet6_connect","id":440,"name":"soglia_connect6"},{"attach_btf_id":0,"attach_btf_name":"","attach_btf_obj_id":0,"attach_type":"cgroup_udp4_sendmsg","id":441,"name":"soglia_sendmsg4"},{"attach_btf_id":0,"attach_btf_name":"","attach_btf_obj_id":0,"attach_type":"cgroup_udp6_sendmsg","id":442,"name":"soglia_sendmsg6"},{"attach_btf_id":0,"attach_btf_name":"","attach_btf_obj_id":0,"attach_type":"cgroup_sock_ops","id":443,"name":"soglia_sockops"}]
sock-create-inet6-control_direct_program_count=6
sock-create-inet6-control_effective_program_count=6
sock-create-inet6-control_omitted_hook=none
sock-create-inet6-control_actual_agent_pid=8175
sock-create-inet6-control_target_cgroup_inode=11310
sock-create-inet6-control_expected_proc_cgroup=0::/system.slice/soglia-spike-s5-57802605753.service/executions/s1-e1
sock-create-inet6-control_proc_exact_membership=true
sock-create-inet6-control_cgroup_procs_contains_agent=true
sock-create-inet6-control_agent_netns_inode=4026532347
sock-create-inet6-control_owned_netns_inode=4026532347
sock-create-inet6-control_netns_exact_membership=true
sock-create-inet6-control_agent_status_exit=Some(0) signal=None
sock-create-inet6-control_agent_stdout_begin
{"cmd":"barrier /run/soglia-spike-s5-sock-create-inet6-control-agent.ready /run/soglia-spike-s5-sock-create-inet6-control-agent.go 15","ok":true,"detail":"released pid=8175"}
{"cmd":"sock inet6 stream","ok":true,"detail":"created"}
sock-create-inet6-control_agent_stdout_end
sock-create-inet6-control_listener_accepted=false
sock-create-inet6-control_datagram_received=false
sock-create-inet6-control_soglia_diag_entries_dump=[{"key":["0x00","0x00","0x00","0x00"],"value":["0x01","0x00","0x00","0x00","0x00","0x00","0x00","0x00"],"formatted":{"key":0,"value":1}},{"key":["0x01","0x00","0x00","0x00"],"value":["0x00","0x00","0x00","0x00","0x00","0x00","0x00","0x00"],"formatted":{"key":1,"value":0}},{"key":["0x02","0x00","0x00","0x00"],"value":["0x00","0x00","0x00","0x00","0x00","0x00","0x00","0x00"],"formatted":{"key":2,"value":0}},{"key":["0x03","0x00","0x00","0x00"],"value":["0x00","0x00","0x00","0x00","0x00","0x00","0x00","0x00"],"formatted":{"key":3,"value":0}},{"key":["0x04","0x00","0x00","0x00"],"value":["0x00","0x00","0x00","0x00","0x00","0x00","0x00","0x00"],"formatted":{"key":4,"value":0}},{"key":["0x05","0x00","0x00","0x00"],"value":["0x00","0x00","0x00","0x00","0x00","0x00","0x00","0x00"],"formatted":{"key":5,"value":0}},{"key":["0x06","0x00","0x00","0x00"],"value":["0x00","0x00","0x00","0x00","0x00","0x00","0x00","0x00"],"formatted":{"key":6,"value":0}}]
sock-create-inet6-control_soglia_counters_dump=[{"key":["0x00","0x00","0x00","0x00"],"value":["0x00","0x00","0x00","0x00","0x00","0x00","0x00","0x00"],"formatted":{"key":0,"value":0}},{"key":["0x01","0x00","0x00","0x00"],"value":["0x00","0x00","0x00","0x00","0x00","0x00","0x00","0x00"],"formatted":{"key":1,"value":0}},{"key":["0x02","0x00","0x00","0x00"],"value":["0x00","0x00","0x00","0x00","0x00","0x00","0x00","0x00"],"formatted":{"key":2,"value":0}},{"key":["0x03","0x00","0x00","0x00"],"value":["0x00","0x00","0x00","0x00","0x00","0x00","0x00","0x00"],"formatted":{"key":3,"value":0}},{"key":["0x04","0x00","0x00","0x00"],"value":["0x00","0x00","0x00","0x00","0x00","0x00","0x00","0x00"],"formatted":{"key":4,"value":0}},{"key":["0x05","0x00","0x00","0x00"],"value":["0x00","0x00","0x00","0x00","0x00","0x00","0x00","0x00"],"formatted":{"key":5,"value":0}},{"key":["0x06","0x00","0x00","0x00"],"value":["0x00","0x00","0x00","0x00","0x00","0x00","0x00","0x00"],"formatted":{"key":6,"value":0}},{"key":["0x07","0x00","0x00","0x00"],"value":["0x00","0x00","0x00","0x00","0x00","0x00","0x00","0x00"],"formatted":{"key":7,"value":0}},{"key":["0x08","0x00","0x00","0x00"],"value":["0x00","0x00","0x00","0x00","0x00","0x00","0x00","0x00"],"formatted":{"key":8,"value":0}}]
sock-create-inet6-control_soglia_denies_dump=[]
sock-create-inet6-control_soglia_tuples_dump=[]
sock-create-inet6-control_soglia_cookie_a_dump=[]
sock-create-inet6-control_diag=[1, 0, 0, 0, 0, 0, 0]
sock-create-inet6-control_counters=[0, 0, 0, 0, 0, 0, 0, 0, 0]
sock-create-inet6-control_deny_entries=0
sock-create-inet6-control_tuple_entries=0
sock-create-inet6-control_cookie_entries=0
sock-create-inet6-control_event_count=0
phase_end=sock-create-inet6-control
phase_begin=connect6-deny
phase_object=/var/tmp/soglia-spike-2/bpf/soglia-relax-inet6-diag.o
phase_omitted_hook=none
phase_agent_command=tcp6 [fd00:201::2]:16002
connect6-deny_cgroup_direct_json=[{"attach_btf_id":0,"attach_btf_name":"","attach_btf_obj_id":0,"attach_flags":"multi","attach_type":"cgroup_inet_sock_create","id":444,"name":"soglia_sock_create"},{"attach_btf_id":0,"attach_btf_name":"","attach_btf_obj_id":0,"attach_flags":"multi","attach_type":"cgroup_inet4_connect","id":445,"name":"soglia_connect4"},{"attach_btf_id":0,"attach_btf_name":"","attach_btf_obj_id":0,"attach_flags":"multi","attach_type":"cgroup_inet6_connect","id":446,"name":"soglia_connect6"},{"attach_btf_id":0,"attach_btf_name":"","attach_btf_obj_id":0,"attach_flags":"multi","attach_type":"cgroup_udp4_sendmsg","id":447,"name":"soglia_sendmsg4"},{"attach_btf_id":0,"attach_btf_name":"","attach_btf_obj_id":0,"attach_flags":"multi","attach_type":"cgroup_udp6_sendmsg","id":448,"name":"soglia_sendmsg6"},{"attach_btf_id":0,"attach_btf_name":"","attach_btf_obj_id":0,"attach_flags":"multi","attach_type":"cgroup_sock_ops","id":449,"name":"soglia_sockops"}]
connect6-deny_cgroup_effective_json=[{"attach_btf_id":0,"attach_btf_name":"","attach_btf_obj_id":0,"attach_type":"cgroup_inet_sock_create","id":444,"name":"soglia_sock_create"},{"attach_btf_id":0,"attach_btf_name":"","attach_btf_obj_id":0,"attach_type":"cgroup_inet4_connect","id":445,"name":"soglia_connect4"},{"attach_btf_id":0,"attach_btf_name":"","attach_btf_obj_id":0,"attach_type":"cgroup_inet6_connect","id":446,"name":"soglia_connect6"},{"attach_btf_id":0,"attach_btf_name":"","attach_btf_obj_id":0,"attach_type":"cgroup_udp4_sendmsg","id":447,"name":"soglia_sendmsg4"},{"attach_btf_id":0,"attach_btf_name":"","attach_btf_obj_id":0,"attach_type":"cgroup_udp6_sendmsg","id":448,"name":"soglia_sendmsg6"},{"attach_btf_id":0,"attach_btf_name":"","attach_btf_obj_id":0,"attach_type":"cgroup_sock_ops","id":449,"name":"soglia_sockops"}]
connect6-deny_direct_program_count=6
connect6-deny_effective_program_count=6
connect6-deny_omitted_hook=none
connect6-deny_actual_agent_pid=8213
connect6-deny_target_cgroup_inode=11310
connect6-deny_expected_proc_cgroup=0::/system.slice/soglia-spike-s5-57802605753.service/executions/s1-e1
connect6-deny_proc_exact_membership=true
connect6-deny_cgroup_procs_contains_agent=true
connect6-deny_agent_netns_inode=4026532347
connect6-deny_owned_netns_inode=4026532347
connect6-deny_netns_exact_membership=true
connect6-deny_agent_status_exit=Some(0) signal=None
connect6-deny_agent_stdout_begin
{"cmd":"barrier /run/soglia-spike-s5-connect6-deny-agent.ready /run/soglia-spike-s5-connect6-deny-agent.go 15","ok":true,"detail":"released pid=8213"}
{"cmd":"tcp6 [fd00:201::2]:16002","ok":false,"errno":1,"error":"Operation not permitted (os error 1)"}
connect6-deny_agent_stdout_end
connect6-deny_listener_accepted=false
connect6-deny_datagram_received=false
connect6-deny_soglia_diag_entries_dump=[{"key":["0x00","0x00","0x00","0x00"],"value":["0x01","0x00","0x00","0x00","0x00","0x00","0x00","0x00"],"formatted":{"key":0,"value":1}},{"key":["0x01","0x00","0x00","0x00"],"value":["0x00","0x00","0x00","0x00","0x00","0x00","0x00","0x00"],"formatted":{"key":1,"value":0}},{"key":["0x02","0x00","0x00","0x00"],"value":["0x00","0x00","0x00","0x00","0x00","0x00","0x00","0x00"],"formatted":{"key":2,"value":0}},{"key":["0x03","0x00","0x00","0x00"],"value":["0x00","0x00","0x00","0x00","0x00","0x00","0x00","0x00"],"formatted":{"key":3,"value":0}},{"key":["0x04","0x00","0x00","0x00"],"value":["0x00","0x00","0x00","0x00","0x00","0x00","0x00","0x00"],"formatted":{"key":4,"value":0}},{"key":["0x05","0x00","0x00","0x00"],"value":["0x00","0x00","0x00","0x00","0x00","0x00","0x00","0x00"],"formatted":{"key":5,"value":0}},{"key":["0x06","0x00","0x00","0x00"],"value":["0x00","0x00","0x00","0x00","0x00","0x00","0x00","0x00"],"formatted":{"key":6,"value":0}}]
connect6-deny_soglia_counters_dump=[{"key":["0x00","0x00","0x00","0x00"],"value":["0x00","0x00","0x00","0x00","0x00","0x00","0x00","0x00"],"formatted":{"key":0,"value":0}},{"key":["0x01","0x00","0x00","0x00"],"value":["0x00","0x00","0x00","0x00","0x00","0x00","0x00","0x00"],"formatted":{"key":1,"value":0}},{"key":["0x02","0x00","0x00","0x00"],"value":["0x00","0x00","0x00","0x00","0x00","0x00","0x00","0x00"],"formatted":{"key":2,"value":0}},{"key":["0x03","0x00","0x00","0x00"],"value":["0x00","0x00","0x00","0x00","0x00","0x00","0x00","0x00"],"formatted":{"key":3,"value":0}},{"key":["0x04","0x00","0x00","0x00"],"value":["0x00","0x00","0x00","0x00","0x00","0x00","0x00","0x00"],"formatted":{"key":4,"value":0}},{"key":["0x05","0x00","0x00","0x00"],"value":["0x01","0x00","0x00","0x00","0x00","0x00","0x00","0x00"],"formatted":{"key":5,"value":1}},{"key":["0x06","0x00","0x00","0x00"],"value":["0x00","0x00","0x00","0x00","0x00","0x00","0x00","0x00"],"formatted":{"key":6,"value":0}},{"key":["0x07","0x00","0x00","0x00"],"value":["0x00","0x00","0x00","0x00","0x00","0x00","0x00","0x00"],"formatted":{"key":7,"value":0}},{"key":["0x08","0x00","0x00","0x00"],"value":["0x00","0x00","0x00","0x00","0x00","0x00","0x00","0x00"],"formatted":{"key":8,"value":0}}]
connect6-deny_soglia_denies_dump=[{"key":["0x2e","0x2c","0x00","0x00","0x00","0x00","0x00","0x00"],"value":["0x01","0x00","0x00","0x00","0x00","0x00","0x00","0x00"],"formatted":{"key":11310,"value":1}}]
connect6-deny_soglia_tuples_dump=[]
connect6-deny_soglia_cookie_a_dump=[]
connect6-deny_event_0_hex=01000000040000002e2c000000000000b5200000000000000a0000000100000000000000823e0000f9111b9815000000
connect6-deny_diag=[1, 0, 0, 0, 0, 0, 0]
connect6-deny_counters=[0, 0, 0, 0, 0, 1, 0, 0, 0]
connect6-deny_deny_entries=1
connect6-deny_tuple_entries=0
connect6-deny_cookie_entries=0
connect6-deny_event_count=1
phase_end=connect6-deny
phase_begin=connect6-omitted-control
phase_object=/var/tmp/soglia-spike-2/bpf/soglia-relax-inet6-diag.o
phase_omitted_hook=soglia_connect6
phase_agent_command=tcp6 [fd00:201::2]:16002
connect6-omitted-control_cgroup_direct_json=[{"attach_btf_id":0,"attach_btf_name":"","attach_btf_obj_id":0,"attach_flags":"multi","attach_type":"cgroup_inet_sock_create","id":450,"name":"soglia_sock_create"},{"attach_btf_id":0,"attach_btf_name":"","attach_btf_obj_id":0,"attach_flags":"multi","attach_type":"cgroup_inet4_connect","id":451,"name":"soglia_connect4"},{"attach_btf_id":0,"attach_btf_name":"","attach_btf_obj_id":0,"attach_flags":"multi","attach_type":"cgroup_udp4_sendmsg","id":452,"name":"soglia_sendmsg4"},{"attach_btf_id":0,"attach_btf_name":"","attach_btf_obj_id":0,"attach_flags":"multi","attach_type":"cgroup_udp6_sendmsg","id":453,"name":"soglia_sendmsg6"},{"attach_btf_id":0,"attach_btf_name":"","attach_btf_obj_id":0,"attach_flags":"multi","attach_type":"cgroup_sock_ops","id":454,"name":"soglia_sockops"}]
connect6-omitted-control_cgroup_effective_json=[{"attach_btf_id":0,"attach_btf_name":"","attach_btf_obj_id":0,"attach_type":"cgroup_inet_sock_create","id":450,"name":"soglia_sock_create"},{"attach_btf_id":0,"attach_btf_name":"","attach_btf_obj_id":0,"attach_type":"cgroup_inet4_connect","id":451,"name":"soglia_connect4"},{"attach_btf_id":0,"attach_btf_name":"","attach_btf_obj_id":0,"attach_type":"cgroup_udp4_sendmsg","id":452,"name":"soglia_sendmsg4"},{"attach_btf_id":0,"attach_btf_name":"","attach_btf_obj_id":0,"attach_type":"cgroup_udp6_sendmsg","id":453,"name":"soglia_sendmsg6"},{"attach_btf_id":0,"attach_btf_name":"","attach_btf_obj_id":0,"attach_type":"cgroup_sock_ops","id":454,"name":"soglia_sockops"}]
connect6-omitted-control_direct_program_count=5
connect6-omitted-control_effective_program_count=5
connect6-omitted-control_omitted_hook=soglia_connect6
connect6-omitted-control_actual_agent_pid=8251
connect6-omitted-control_target_cgroup_inode=11310
connect6-omitted-control_expected_proc_cgroup=0::/system.slice/soglia-spike-s5-57802605753.service/executions/s1-e1
connect6-omitted-control_proc_exact_membership=true
connect6-omitted-control_cgroup_procs_contains_agent=true
connect6-omitted-control_agent_netns_inode=4026532347
connect6-omitted-control_owned_netns_inode=4026532347
connect6-omitted-control_netns_exact_membership=true
connect6-omitted-control_agent_status_exit=Some(0) signal=None
connect6-omitted-control_agent_stdout_begin
{"cmd":"barrier /run/soglia-spike-s5-connect6-omitted-control-agent.ready /run/soglia-spike-s5-connect6-omitted-control-agent.go 15","ok":true,"detail":"released pid=8251"}
{"cmd":"tcp6 [fd00:201::2]:16002","ok":true,"detail":"connected"}
connect6-omitted-control_agent_stdout_end
observed_tcp_peer=[fd00:201::1]:56224
connect6-omitted-control_listener_accepted=true
connect6-omitted-control_datagram_received=false
connect6-omitted-control_soglia_diag_entries_dump=[{"key":["0x00","0x00","0x00","0x00"],"value":["0x01","0x00","0x00","0x00","0x00","0x00","0x00","0x00"],"formatted":{"key":0,"value":1}},{"key":["0x01","0x00","0x00","0x00"],"value":["0x00","0x00","0x00","0x00","0x00","0x00","0x00","0x00"],"formatted":{"key":1,"value":0}},{"key":["0x02","0x00","0x00","0x00"],"value":["0x09","0x00","0x00","0x00","0x00","0x00","0x00","0x00"],"formatted":{"key":2,"value":9}},{"key":["0x03","0x00","0x00","0x00"],"value":["0x00","0x00","0x00","0x00","0x00","0x00","0x00","0x00"],"formatted":{"key":3,"value":0}},{"key":["0x04","0x00","0x00","0x00"],"value":["0x01","0x00","0x00","0x00","0x00","0x00","0x00","0x00"],"formatted":{"key":4,"value":1}},{"key":["0x05","0x00","0x00","0x00"],"value":["0x01","0x00","0x00","0x00","0x00","0x00","0x00","0x00"],"formatted":{"key":5,"value":1}},{"key":["0x06","0x00","0x00","0x00"],"value":["0x01","0x00","0x00","0x00","0x00","0x00","0x00","0x00"],"formatted":{"key":6,"value":1}}]
connect6-omitted-control_soglia_counters_dump=[{"key":["0x00","0x00","0x00","0x00"],"value":["0x00","0x00","0x00","0x00","0x00","0x00","0x00","0x00"],"formatted":{"key":0,"value":0}},{"key":["0x01","0x00","0x00","0x00"],"value":["0x00","0x00","0x00","0x00","0x00","0x00","0x00","0x00"],"formatted":{"key":1,"value":0}},{"key":["0x02","0x00","0x00","0x00"],"value":["0x01","0x00","0x00","0x00","0x00","0x00","0x00","0x00"],"formatted":{"key":2,"value":1}},{"key":["0x03","0x00","0x00","0x00"],"value":["0x00","0x00","0x00","0x00","0x00","0x00","0x00","0x00"],"formatted":{"key":3,"value":0}},{"key":["0x04","0x00","0x00","0x00"],"value":["0x00","0x00","0x00","0x00","0x00","0x00","0x00","0x00"],"formatted":{"key":4,"value":0}},{"key":["0x05","0x00","0x00","0x00"],"value":["0x00","0x00","0x00","0x00","0x00","0x00","0x00","0x00"],"formatted":{"key":5,"value":0}},{"key":["0x06","0x00","0x00","0x00"],"value":["0x00","0x00","0x00","0x00","0x00","0x00","0x00","0x00"],"formatted":{"key":6,"value":0}},{"key":["0x07","0x00","0x00","0x00"],"value":["0x00","0x00","0x00","0x00","0x00","0x00","0x00","0x00"],"formatted":{"key":7,"value":0}},{"key":["0x08","0x00","0x00","0x00"],"value":["0x01","0x00","0x00","0x00","0x00","0x00","0x00","0x00"],"formatted":{"key":8,"value":1}}]
connect6-omitted-control_soglia_denies_dump=[]
connect6-omitted-control_soglia_tuples_dump=[]
connect6-omitted-control_soglia_cookie_a_dump=[]
connect6-omitted-control_diag=[1, 0, 9, 0, 1, 1, 1]
connect6-omitted-control_counters=[0, 0, 1, 0, 0, 0, 0, 0, 1]
connect6-omitted-control_deny_entries=0
connect6-omitted-control_tuple_entries=0
connect6-omitted-control_cookie_entries=0
connect6-omitted-control_event_count=0
phase_end=connect6-omitted-control
phase_begin=sendmsg4-deny
phase_object=/var/tmp/soglia-spike-2/bpf/soglia-relax-dgram-diag.o
phase_omitted_hook=none
phase_agent_command=udp4 10.201.0.2:16003
sendmsg4-deny_cgroup_direct_json=[{"attach_btf_id":0,"attach_btf_name":"","attach_btf_obj_id":0,"attach_flags":"multi","attach_type":"cgroup_inet_sock_create","id":455,"name":"soglia_sock_create"},{"attach_btf_id":0,"attach_btf_name":"","attach_btf_obj_id":0,"attach_flags":"multi","attach_type":"cgroup_inet4_connect","id":456,"name":"soglia_connect4"},{"attach_btf_id":0,"attach_btf_name":"","attach_btf_obj_id":0,"attach_flags":"multi","attach_type":"cgroup_inet6_connect","id":457,"name":"soglia_connect6"},{"attach_btf_id":0,"attach_btf_name":"","attach_btf_obj_id":0,"attach_flags":"multi","attach_type":"cgroup_udp4_sendmsg","id":458,"name":"soglia_sendmsg4"},{"attach_btf_id":0,"attach_btf_name":"","attach_btf_obj_id":0,"attach_flags":"multi","attach_type":"cgroup_udp6_sendmsg","id":459,"name":"soglia_sendmsg6"},{"attach_btf_id":0,"attach_btf_name":"","attach_btf_obj_id":0,"attach_flags":"multi","attach_type":"cgroup_sock_ops","id":460,"name":"soglia_sockops"}]
sendmsg4-deny_cgroup_effective_json=[{"attach_btf_id":0,"attach_btf_name":"","attach_btf_obj_id":0,"attach_type":"cgroup_inet_sock_create","id":455,"name":"soglia_sock_create"},{"attach_btf_id":0,"attach_btf_name":"","attach_btf_obj_id":0,"attach_type":"cgroup_inet4_connect","id":456,"name":"soglia_connect4"},{"attach_btf_id":0,"attach_btf_name":"","attach_btf_obj_id":0,"attach_type":"cgroup_inet6_connect","id":457,"name":"soglia_connect6"},{"attach_btf_id":0,"attach_btf_name":"","attach_btf_obj_id":0,"attach_type":"cgroup_udp4_sendmsg","id":458,"name":"soglia_sendmsg4"},{"attach_btf_id":0,"attach_btf_name":"","attach_btf_obj_id":0,"attach_type":"cgroup_udp6_sendmsg","id":459,"name":"soglia_sendmsg6"},{"attach_btf_id":0,"attach_btf_name":"","attach_btf_obj_id":0,"attach_type":"cgroup_sock_ops","id":460,"name":"soglia_sockops"}]
sendmsg4-deny_direct_program_count=6
sendmsg4-deny_effective_program_count=6
sendmsg4-deny_omitted_hook=none
sendmsg4-deny_actual_agent_pid=8289
sendmsg4-deny_target_cgroup_inode=11310
sendmsg4-deny_expected_proc_cgroup=0::/system.slice/soglia-spike-s5-57802605753.service/executions/s1-e1
sendmsg4-deny_proc_exact_membership=true
sendmsg4-deny_cgroup_procs_contains_agent=true
sendmsg4-deny_agent_netns_inode=4026532347
sendmsg4-deny_owned_netns_inode=4026532347
sendmsg4-deny_netns_exact_membership=true
sendmsg4-deny_agent_status_exit=Some(0) signal=None
sendmsg4-deny_agent_stdout_begin
{"cmd":"barrier /run/soglia-spike-s5-sendmsg4-deny-agent.ready /run/soglia-spike-s5-sendmsg4-deny-agent.go 15","ok":true,"detail":"released pid=8289"}
{"cmd":"udp4 10.201.0.2:16003","ok":false,"errno":1,"error":"Operation not permitted (os error 1)"}
sendmsg4-deny_agent_stdout_end
sendmsg4-deny_listener_accepted=false
sendmsg4-deny_datagram_received=false
sendmsg4-deny_soglia_diag_entries_dump=[{"key":["0x00","0x00","0x00","0x00"],"value":["0x01","0x00","0x00","0x00","0x00","0x00","0x00","0x00"],"formatted":{"key":0,"value":1}},{"key":["0x01","0x00","0x00","0x00"],"value":["0x00","0x00","0x00","0x00","0x00","0x00","0x00","0x00"],"formatted":{"key":1,"value":0}},{"key":["0x02","0x00","0x00","0x00"],"value":["0x00","0x00","0x00","0x00","0x00","0x00","0x00","0x00"],"formatted":{"key":2,"value":0}},{"key":["0x03","0x00","0x00","0x00"],"value":["0x00","0x00","0x00","0x00","0x00","0x00","0x00","0x00"],"formatted":{"key":3,"value":0}},{"key":["0x04","0x00","0x00","0x00"],"value":["0x00","0x00","0x00","0x00","0x00","0x00","0x00","0x00"],"formatted":{"key":4,"value":0}},{"key":["0x05","0x00","0x00","0x00"],"value":["0x00","0x00","0x00","0x00","0x00","0x00","0x00","0x00"],"formatted":{"key":5,"value":0}},{"key":["0x06","0x00","0x00","0x00"],"value":["0x00","0x00","0x00","0x00","0x00","0x00","0x00","0x00"],"formatted":{"key":6,"value":0}}]
sendmsg4-deny_soglia_counters_dump=[{"key":["0x00","0x00","0x00","0x00"],"value":["0x00","0x00","0x00","0x00","0x00","0x00","0x00","0x00"],"formatted":{"key":0,"value":0}},{"key":["0x01","0x00","0x00","0x00"],"value":["0x00","0x00","0x00","0x00","0x00","0x00","0x00","0x00"],"formatted":{"key":1,"value":0}},{"key":["0x02","0x00","0x00","0x00"],"value":["0x00","0x00","0x00","0x00","0x00","0x00","0x00","0x00"],"formatted":{"key":2,"value":0}},{"key":["0x03","0x00","0x00","0x00"],"value":["0x00","0x00","0x00","0x00","0x00","0x00","0x00","0x00"],"formatted":{"key":3,"value":0}},{"key":["0x04","0x00","0x00","0x00"],"value":["0x00","0x00","0x00","0x00","0x00","0x00","0x00","0x00"],"formatted":{"key":4,"value":0}},{"key":["0x05","0x00","0x00","0x00"],"value":["0x00","0x00","0x00","0x00","0x00","0x00","0x00","0x00"],"formatted":{"key":5,"value":0}},{"key":["0x06","0x00","0x00","0x00"],"value":["0x01","0x00","0x00","0x00","0x00","0x00","0x00","0x00"],"formatted":{"key":6,"value":1}},{"key":["0x07","0x00","0x00","0x00"],"value":["0x00","0x00","0x00","0x00","0x00","0x00","0x00","0x00"],"formatted":{"key":7,"value":0}},{"key":["0x08","0x00","0x00","0x00"],"value":["0x00","0x00","0x00","0x00","0x00","0x00","0x00","0x00"],"formatted":{"key":8,"value":0}}]
sendmsg4-deny_soglia_denies_dump=[{"key":["0x2e","0x2c","0x00","0x00","0x00","0x00","0x00","0x00"],"value":["0x01","0x00","0x00","0x00","0x00","0x00","0x00","0x00"],"formatted":{"key":11310,"value":1}}]
sendmsg4-deny_soglia_tuples_dump=[]
sendmsg4-deny_soglia_cookie_a_dump=[]
sendmsg4-deny_event_0_hex=04000000060000002e2c0000000000004c3000000000000002000000020000000ac90002833e0000a74826b215000000
sendmsg4-deny_diag=[1, 0, 0, 0, 0, 0, 0]
sendmsg4-deny_counters=[0, 0, 0, 0, 0, 0, 1, 0, 0]
sendmsg4-deny_deny_entries=1
sendmsg4-deny_tuple_entries=0
sendmsg4-deny_cookie_entries=0
sendmsg4-deny_event_count=1
phase_end=sendmsg4-deny
phase_begin=sendmsg4-omitted-control
phase_object=/var/tmp/soglia-spike-2/bpf/soglia-relax-dgram-diag.o
phase_omitted_hook=soglia_sendmsg4
phase_agent_command=udp4 10.201.0.2:16003
sendmsg4-omitted-control_cgroup_direct_json=[{"attach_btf_id":0,"attach_btf_name":"","attach_btf_obj_id":0,"attach_flags":"multi","attach_type":"cgroup_inet_sock_create","id":461,"name":"soglia_sock_create"},{"attach_btf_id":0,"attach_btf_name":"","attach_btf_obj_id":0,"attach_flags":"multi","attach_type":"cgroup_inet4_connect","id":462,"name":"soglia_connect4"},{"attach_btf_id":0,"attach_btf_name":"","attach_btf_obj_id":0,"attach_flags":"multi","attach_type":"cgroup_inet6_connect","id":463,"name":"soglia_connect6"},{"attach_btf_id":0,"attach_btf_name":"","attach_btf_obj_id":0,"attach_flags":"multi","attach_type":"cgroup_udp6_sendmsg","id":464,"name":"soglia_sendmsg6"},{"attach_btf_id":0,"attach_btf_name":"","attach_btf_obj_id":0,"attach_flags":"multi","attach_type":"cgroup_sock_ops","id":465,"name":"soglia_sockops"}]
sendmsg4-omitted-control_cgroup_effective_json=[{"attach_btf_id":0,"attach_btf_name":"","attach_btf_obj_id":0,"attach_type":"cgroup_inet_sock_create","id":461,"name":"soglia_sock_create"},{"attach_btf_id":0,"attach_btf_name":"","attach_btf_obj_id":0,"attach_type":"cgroup_inet4_connect","id":462,"name":"soglia_connect4"},{"attach_btf_id":0,"attach_btf_name":"","attach_btf_obj_id":0,"attach_type":"cgroup_inet6_connect","id":463,"name":"soglia_connect6"},{"attach_btf_id":0,"attach_btf_name":"","attach_btf_obj_id":0,"attach_type":"cgroup_udp6_sendmsg","id":464,"name":"soglia_sendmsg6"},{"attach_btf_id":0,"attach_btf_name":"","attach_btf_obj_id":0,"attach_type":"cgroup_sock_ops","id":465,"name":"soglia_sockops"}]
sendmsg4-omitted-control_direct_program_count=5
sendmsg4-omitted-control_effective_program_count=5
sendmsg4-omitted-control_omitted_hook=soglia_sendmsg4
sendmsg4-omitted-control_actual_agent_pid=8327
sendmsg4-omitted-control_target_cgroup_inode=11310
sendmsg4-omitted-control_expected_proc_cgroup=0::/system.slice/soglia-spike-s5-57802605753.service/executions/s1-e1
sendmsg4-omitted-control_proc_exact_membership=true
sendmsg4-omitted-control_cgroup_procs_contains_agent=true
sendmsg4-omitted-control_agent_netns_inode=4026532347
sendmsg4-omitted-control_owned_netns_inode=4026532347
sendmsg4-omitted-control_netns_exact_membership=true
sendmsg4-omitted-control_agent_status_exit=Some(0) signal=None
sendmsg4-omitted-control_agent_stdout_begin
{"cmd":"barrier /run/soglia-spike-s5-sendmsg4-omitted-control-agent.ready /run/soglia-spike-s5-sendmsg4-omitted-control-agent.go 15","ok":true,"detail":"released pid=8327"}
{"cmd":"udp4 10.201.0.2:16003","ok":true,"detail":"sent"}
sendmsg4-omitted-control_agent_stdout_end
observed_udp_peer=10.201.0.1:53926
observed_udp_payload=[112, 114, 111, 98, 101]
sendmsg4-omitted-control_listener_accepted=false
sendmsg4-omitted-control_datagram_received=true
sendmsg4-omitted-control_soglia_diag_entries_dump=[{"key":["0x00","0x00","0x00","0x00"],"value":["0x01","0x00","0x00","0x00","0x00","0x00","0x00","0x00"],"formatted":{"key":0,"value":1}},{"key":["0x01","0x00","0x00","0x00"],"value":["0x00","0x00","0x00","0x00","0x00","0x00","0x00","0x00"],"formatted":{"key":1,"value":0}},{"key":["0x02","0x00","0x00","0x00"],"value":["0x00","0x00","0x00","0x00","0x00","0x00","0x00","0x00"],"formatted":{"key":2,"value":0}},{"key":["0x03","0x00","0x00","0x00"],"value":["0x00","0x00","0x00","0x00","0x00","0x00","0x00","0x00"],"formatted":{"key":3,"value":0}},{"key":["0x04","0x00","0x00","0x00"],"value":["0x00","0x00","0x00","0x00","0x00","0x00","0x00","0x00"],"formatted":{"key":4,"value":0}},{"key":["0x05","0x00","0x00","0x00"],"value":["0x00","0x00","0x00","0x00","0x00","0x00","0x00","0x00"],"formatted":{"key":5,"value":0}},{"key":["0x06","0x00","0x00","0x00"],"value":["0x00","0x00","0x00","0x00","0x00","0x00","0x00","0x00"],"formatted":{"key":6,"value":0}}]
sendmsg4-omitted-control_soglia_counters_dump=[{"key":["0x00","0x00","0x00","0x00"],"value":["0x00","0x00","0x00","0x00","0x00","0x00","0x00","0x00"],"formatted":{"key":0,"value":0}},{"key":["0x01","0x00","0x00","0x00"],"value":["0x00","0x00","0x00","0x00","0x00","0x00","0x00","0x00"],"formatted":{"key":1,"value":0}},{"key":["0x02","0x00","0x00","0x00"],"value":["0x00","0x00","0x00","0x00","0x00","0x00","0x00","0x00"],"formatted":{"key":2,"value":0}},{"key":["0x03","0x00","0x00","0x00"],"value":["0x00","0x00","0x00","0x00","0x00","0x00","0x00","0x00"],"formatted":{"key":3,"value":0}},{"key":["0x04","0x00","0x00","0x00"],"value":["0x00","0x00","0x00","0x00","0x00","0x00","0x00","0x00"],"formatted":{"key":4,"value":0}},{"key":["0x05","0x00","0x00","0x00"],"value":["0x00","0x00","0x00","0x00","0x00","0x00","0x00","0x00"],"formatted":{"key":5,"value":0}},{"key":["0x06","0x00","0x00","0x00"],"value":["0x00","0x00","0x00","0x00","0x00","0x00","0x00","0x00"],"formatted":{"key":6,"value":0}},{"key":["0x07","0x00","0x00","0x00"],"value":["0x00","0x00","0x00","0x00","0x00","0x00","0x00","0x00"],"formatted":{"key":7,"value":0}},{"key":["0x08","0x00","0x00","0x00"],"value":["0x00","0x00","0x00","0x00","0x00","0x00","0x00","0x00"],"formatted":{"key":8,"value":0}}]
sendmsg4-omitted-control_soglia_denies_dump=[]
sendmsg4-omitted-control_soglia_tuples_dump=[]
sendmsg4-omitted-control_soglia_cookie_a_dump=[]
sendmsg4-omitted-control_diag=[1, 0, 0, 0, 0, 0, 0]
sendmsg4-omitted-control_counters=[0, 0, 0, 0, 0, 0, 0, 0, 0]
sendmsg4-omitted-control_deny_entries=0
sendmsg4-omitted-control_tuple_entries=0
sendmsg4-omitted-control_cookie_entries=0
sendmsg4-omitted-control_event_count=0
phase_end=sendmsg4-omitted-control
phase_begin=sendmsg6-deny
phase_object=/var/tmp/soglia-spike-2/bpf/soglia-relax-dgram-diag.o
phase_omitted_hook=none
phase_agent_command=udp6 [fd00:201::2]:16004
sendmsg6-deny_cgroup_direct_json=[{"attach_btf_id":0,"attach_btf_name":"","attach_btf_obj_id":0,"attach_flags":"multi","attach_type":"cgroup_inet_sock_create","id":466,"name":"soglia_sock_create"},{"attach_btf_id":0,"attach_btf_name":"","attach_btf_obj_id":0,"attach_flags":"multi","attach_type":"cgroup_inet4_connect","id":467,"name":"soglia_connect4"},{"attach_btf_id":0,"attach_btf_name":"","attach_btf_obj_id":0,"attach_flags":"multi","attach_type":"cgroup_inet6_connect","id":468,"name":"soglia_connect6"},{"attach_btf_id":0,"attach_btf_name":"","attach_btf_obj_id":0,"attach_flags":"multi","attach_type":"cgroup_udp4_sendmsg","id":469,"name":"soglia_sendmsg4"},{"attach_btf_id":0,"attach_btf_name":"","attach_btf_obj_id":0,"attach_flags":"multi","attach_type":"cgroup_udp6_sendmsg","id":470,"name":"soglia_sendmsg6"},{"attach_btf_id":0,"attach_btf_name":"","attach_btf_obj_id":0,"attach_flags":"multi","attach_type":"cgroup_sock_ops","id":471,"name":"soglia_sockops"}]
sendmsg6-deny_cgroup_effective_json=[{"attach_btf_id":0,"attach_btf_name":"","attach_btf_obj_id":0,"attach_type":"cgroup_inet_sock_create","id":466,"name":"soglia_sock_create"},{"attach_btf_id":0,"attach_btf_name":"","attach_btf_obj_id":0,"attach_type":"cgroup_inet4_connect","id":467,"name":"soglia_connect4"},{"attach_btf_id":0,"attach_btf_name":"","attach_btf_obj_id":0,"attach_type":"cgroup_inet6_connect","id":468,"name":"soglia_connect6"},{"attach_btf_id":0,"attach_btf_name":"","attach_btf_obj_id":0,"attach_type":"cgroup_udp4_sendmsg","id":469,"name":"soglia_sendmsg4"},{"attach_btf_id":0,"attach_btf_name":"","attach_btf_obj_id":0,"attach_type":"cgroup_udp6_sendmsg","id":470,"name":"soglia_sendmsg6"},{"attach_btf_id":0,"attach_btf_name":"","attach_btf_obj_id":0,"attach_type":"cgroup_sock_ops","id":471,"name":"soglia_sockops"}]
sendmsg6-deny_direct_program_count=6
sendmsg6-deny_effective_program_count=6
sendmsg6-deny_omitted_hook=none
sendmsg6-deny_actual_agent_pid=8365
sendmsg6-deny_target_cgroup_inode=11310
sendmsg6-deny_expected_proc_cgroup=0::/system.slice/soglia-spike-s5-57802605753.service/executions/s1-e1
sendmsg6-deny_proc_exact_membership=true
sendmsg6-deny_cgroup_procs_contains_agent=true
sendmsg6-deny_agent_netns_inode=4026532347
sendmsg6-deny_owned_netns_inode=4026532347
sendmsg6-deny_netns_exact_membership=true
sendmsg6-deny_agent_status_exit=Some(0) signal=None
sendmsg6-deny_agent_stdout_begin
{"cmd":"barrier /run/soglia-spike-s5-sendmsg6-deny-agent.ready /run/soglia-spike-s5-sendmsg6-deny-agent.go 15","ok":true,"detail":"released pid=8365"}
{"cmd":"udp6 [fd00:201::2]:16004","ok":false,"errno":1,"error":"Operation not permitted (os error 1)"}
sendmsg6-deny_agent_stdout_end
sendmsg6-deny_listener_accepted=false
sendmsg6-deny_datagram_received=false
sendmsg6-deny_soglia_diag_entries_dump=[{"key":["0x00","0x00","0x00","0x00"],"value":["0x01","0x00","0x00","0x00","0x00","0x00","0x00","0x00"],"formatted":{"key":0,"value":1}},{"key":["0x01","0x00","0x00","0x00"],"value":["0x00","0x00","0x00","0x00","0x00","0x00","0x00","0x00"],"formatted":{"key":1,"value":0}},{"key":["0x02","0x00","0x00","0x00"],"value":["0x00","0x00","0x00","0x00","0x00","0x00","0x00","0x00"],"formatted":{"key":2,"value":0}},{"key":["0x03","0x00","0x00","0x00"],"value":["0x00","0x00","0x00","0x00","0x00","0x00","0x00","0x00"],"formatted":{"key":3,"value":0}},{"key":["0x04","0x00","0x00","0x00"],"value":["0x00","0x00","0x00","0x00","0x00","0x00","0x00","0x00"],"formatted":{"key":4,"value":0}},{"key":["0x05","0x00","0x00","0x00"],"value":["0x00","0x00","0x00","0x00","0x00","0x00","0x00","0x00"],"formatted":{"key":5,"value":0}},{"key":["0x06","0x00","0x00","0x00"],"value":["0x00","0x00","0x00","0x00","0x00","0x00","0x00","0x00"],"formatted":{"key":6,"value":0}}]
sendmsg6-deny_soglia_counters_dump=[{"key":["0x00","0x00","0x00","0x00"],"value":["0x00","0x00","0x00","0x00","0x00","0x00","0x00","0x00"],"formatted":{"key":0,"value":0}},{"key":["0x01","0x00","0x00","0x00"],"value":["0x00","0x00","0x00","0x00","0x00","0x00","0x00","0x00"],"formatted":{"key":1,"value":0}},{"key":["0x02","0x00","0x00","0x00"],"value":["0x00","0x00","0x00","0x00","0x00","0x00","0x00","0x00"],"formatted":{"key":2,"value":0}},{"key":["0x03","0x00","0x00","0x00"],"value":["0x00","0x00","0x00","0x00","0x00","0x00","0x00","0x00"],"formatted":{"key":3,"value":0}},{"key":["0x04","0x00","0x00","0x00"],"value":["0x00","0x00","0x00","0x00","0x00","0x00","0x00","0x00"],"formatted":{"key":4,"value":0}},{"key":["0x05","0x00","0x00","0x00"],"value":["0x00","0x00","0x00","0x00","0x00","0x00","0x00","0x00"],"formatted":{"key":5,"value":0}},{"key":["0x06","0x00","0x00","0x00"],"value":["0x00","0x00","0x00","0x00","0x00","0x00","0x00","0x00"],"formatted":{"key":6,"value":0}},{"key":["0x07","0x00","0x00","0x00"],"value":["0x01","0x00","0x00","0x00","0x00","0x00","0x00","0x00"],"formatted":{"key":7,"value":1}},{"key":["0x08","0x00","0x00","0x00"],"value":["0x00","0x00","0x00","0x00","0x00","0x00","0x00","0x00"],"formatted":{"key":8,"value":0}}]
sendmsg6-deny_soglia_denies_dump=[{"key":["0x2e","0x2c","0x00","0x00","0x00","0x00","0x00","0x00"],"value":["0x01","0x00","0x00","0x00","0x00","0x00","0x00","0x00"],"formatted":{"key":11310,"value":1}}]
sendmsg6-deny_soglia_tuples_dump=[]
sendmsg6-deny_soglia_cookie_a_dump=[]
sendmsg6-deny_event_0_hex=04000000040000002e2c00000000000077000000000000000a0000000200000000000000843e0000e66f9ccc15000000
sendmsg6-deny_diag=[1, 0, 0, 0, 0, 0, 0]
sendmsg6-deny_counters=[0, 0, 0, 0, 0, 0, 0, 1, 0]
sendmsg6-deny_deny_entries=1
sendmsg6-deny_tuple_entries=0
sendmsg6-deny_cookie_entries=0
sendmsg6-deny_event_count=1
phase_end=sendmsg6-deny
phase_begin=sendmsg6-omitted-control
phase_object=/var/tmp/soglia-spike-2/bpf/soglia-relax-dgram-diag.o
phase_omitted_hook=soglia_sendmsg6
phase_agent_command=udp6 [fd00:201::2]:16004
sendmsg6-omitted-control_cgroup_direct_json=[{"attach_btf_id":0,"attach_btf_name":"","attach_btf_obj_id":0,"attach_flags":"multi","attach_type":"cgroup_inet_sock_create","id":472,"name":"soglia_sock_create"},{"attach_btf_id":0,"attach_btf_name":"","attach_btf_obj_id":0,"attach_flags":"multi","attach_type":"cgroup_inet4_connect","id":473,"name":"soglia_connect4"},{"attach_btf_id":0,"attach_btf_name":"","attach_btf_obj_id":0,"attach_flags":"multi","attach_type":"cgroup_inet6_connect","id":474,"name":"soglia_connect6"},{"attach_btf_id":0,"attach_btf_name":"","attach_btf_obj_id":0,"attach_flags":"multi","attach_type":"cgroup_udp4_sendmsg","id":475,"name":"soglia_sendmsg4"},{"attach_btf_id":0,"attach_btf_name":"","attach_btf_obj_id":0,"attach_flags":"multi","attach_type":"cgroup_sock_ops","id":476,"name":"soglia_sockops"}]
sendmsg6-omitted-control_cgroup_effective_json=[{"attach_btf_id":0,"attach_btf_name":"","attach_btf_obj_id":0,"attach_type":"cgroup_inet_sock_create","id":472,"name":"soglia_sock_create"},{"attach_btf_id":0,"attach_btf_name":"","attach_btf_obj_id":0,"attach_type":"cgroup_inet4_connect","id":473,"name":"soglia_connect4"},{"attach_btf_id":0,"attach_btf_name":"","attach_btf_obj_id":0,"attach_type":"cgroup_inet6_connect","id":474,"name":"soglia_connect6"},{"attach_btf_id":0,"attach_btf_name":"","attach_btf_obj_id":0,"attach_type":"cgroup_udp4_sendmsg","id":475,"name":"soglia_sendmsg4"},{"attach_btf_id":0,"attach_btf_name":"","attach_btf_obj_id":0,"attach_type":"cgroup_sock_ops","id":476,"name":"soglia_sockops"}]
sendmsg6-omitted-control_direct_program_count=5
sendmsg6-omitted-control_effective_program_count=5
sendmsg6-omitted-control_omitted_hook=soglia_sendmsg6
sendmsg6-omitted-control_actual_agent_pid=8403
sendmsg6-omitted-control_target_cgroup_inode=11310
sendmsg6-omitted-control_expected_proc_cgroup=0::/system.slice/soglia-spike-s5-57802605753.service/executions/s1-e1
sendmsg6-omitted-control_proc_exact_membership=true
sendmsg6-omitted-control_cgroup_procs_contains_agent=true
sendmsg6-omitted-control_agent_netns_inode=4026532347
sendmsg6-omitted-control_owned_netns_inode=4026532347
sendmsg6-omitted-control_netns_exact_membership=true
sendmsg6-omitted-control_agent_status_exit=Some(0) signal=None
sendmsg6-omitted-control_agent_stdout_begin
{"cmd":"barrier /run/soglia-spike-s5-sendmsg6-omitted-control-agent.ready /run/soglia-spike-s5-sendmsg6-omitted-control-agent.go 15","ok":true,"detail":"released pid=8403"}
{"cmd":"udp6 [fd00:201::2]:16004","ok":true,"detail":"sent"}
sendmsg6-omitted-control_agent_stdout_end
observed_udp_peer=[fd00:201::1]:36083
observed_udp_payload=[112, 114, 111, 98, 101]
sendmsg6-omitted-control_listener_accepted=false
sendmsg6-omitted-control_datagram_received=true
sendmsg6-omitted-control_soglia_diag_entries_dump=[{"key":["0x00","0x00","0x00","0x00"],"value":["0x01","0x00","0x00","0x00","0x00","0x00","0x00","0x00"],"formatted":{"key":0,"value":1}},{"key":["0x01","0x00","0x00","0x00"],"value":["0x00","0x00","0x00","0x00","0x00","0x00","0x00","0x00"],"formatted":{"key":1,"value":0}},{"key":["0x02","0x00","0x00","0x00"],"value":["0x00","0x00","0x00","0x00","0x00","0x00","0x00","0x00"],"formatted":{"key":2,"value":0}},{"key":["0x03","0x00","0x00","0x00"],"value":["0x00","0x00","0x00","0x00","0x00","0x00","0x00","0x00"],"formatted":{"key":3,"value":0}},{"key":["0x04","0x00","0x00","0x00"],"value":["0x00","0x00","0x00","0x00","0x00","0x00","0x00","0x00"],"formatted":{"key":4,"value":0}},{"key":["0x05","0x00","0x00","0x00"],"value":["0x00","0x00","0x00","0x00","0x00","0x00","0x00","0x00"],"formatted":{"key":5,"value":0}},{"key":["0x06","0x00","0x00","0x00"],"value":["0x00","0x00","0x00","0x00","0x00","0x00","0x00","0x00"],"formatted":{"key":6,"value":0}}]
sendmsg6-omitted-control_soglia_counters_dump=[{"key":["0x00","0x00","0x00","0x00"],"value":["0x00","0x00","0x00","0x00","0x00","0x00","0x00","0x00"],"formatted":{"key":0,"value":0}},{"key":["0x01","0x00","0x00","0x00"],"value":["0x00","0x00","0x00","0x00","0x00","0x00","0x00","0x00"],"formatted":{"key":1,"value":0}},{"key":["0x02","0x00","0x00","0x00"],"value":["0x00","0x00","0x00","0x00","0x00","0x00","0x00","0x00"],"formatted":{"key":2,"value":0}},{"key":["0x03","0x00","0x00","0x00"],"value":["0x00","0x00","0x00","0x00","0x00","0x00","0x00","0x00"],"formatted":{"key":3,"value":0}},{"key":["0x04","0x00","0x00","0x00"],"value":["0x00","0x00","0x00","0x00","0x00","0x00","0x00","0x00"],"formatted":{"key":4,"value":0}},{"key":["0x05","0x00","0x00","0x00"],"value":["0x00","0x00","0x00","0x00","0x00","0x00","0x00","0x00"],"formatted":{"key":5,"value":0}},{"key":["0x06","0x00","0x00","0x00"],"value":["0x00","0x00","0x00","0x00","0x00","0x00","0x00","0x00"],"formatted":{"key":6,"value":0}},{"key":["0x07","0x00","0x00","0x00"],"value":["0x00","0x00","0x00","0x00","0x00","0x00","0x00","0x00"],"formatted":{"key":7,"value":0}},{"key":["0x08","0x00","0x00","0x00"],"value":["0x00","0x00","0x00","0x00","0x00","0x00","0x00","0x00"],"formatted":{"key":8,"value":0}}]
sendmsg6-omitted-control_soglia_denies_dump=[]
sendmsg6-omitted-control_soglia_tuples_dump=[]
sendmsg6-omitted-control_soglia_cookie_a_dump=[]
sendmsg6-omitted-control_diag=[1, 0, 0, 0, 0, 0, 0]
sendmsg6-omitted-control_counters=[0, 0, 0, 0, 0, 0, 0, 0, 0]
sendmsg6-omitted-control_deny_entries=0
sendmsg6-omitted-control_tuple_entries=0
sendmsg6-omitted-control_cookie_entries=0
sendmsg6-omitted-control_event_count=0
phase_end=sendmsg6-omitted-control
phase_begin=connect4-deny
phase_object=/var/tmp/soglia-spike-2/bpf/soglia-diag.o
phase_omitted_hook=none
phase_agent_command=direct 10.201.0.2:16001
connect4-deny_cgroup_direct_json=[{"attach_btf_id":0,"attach_btf_name":"","attach_btf_obj_id":0,"attach_flags":"multi","attach_type":"cgroup_inet_sock_create","id":477,"name":"soglia_sock_create"},{"attach_btf_id":0,"attach_btf_name":"","attach_btf_obj_id":0,"attach_flags":"multi","attach_type":"cgroup_inet4_connect","id":478,"name":"soglia_connect4"},{"attach_btf_id":0,"attach_btf_name":"","attach_btf_obj_id":0,"attach_flags":"multi","attach_type":"cgroup_inet6_connect","id":479,"name":"soglia_connect6"},{"attach_btf_id":0,"attach_btf_name":"","attach_btf_obj_id":0,"attach_flags":"multi","attach_type":"cgroup_udp4_sendmsg","id":480,"name":"soglia_sendmsg4"},{"attach_btf_id":0,"attach_btf_name":"","attach_btf_obj_id":0,"attach_flags":"multi","attach_type":"cgroup_udp6_sendmsg","id":481,"name":"soglia_sendmsg6"},{"attach_btf_id":0,"attach_btf_name":"","attach_btf_obj_id":0,"attach_flags":"multi","attach_type":"cgroup_sock_ops","id":482,"name":"soglia_sockops"}]
connect4-deny_cgroup_effective_json=[{"attach_btf_id":0,"attach_btf_name":"","attach_btf_obj_id":0,"attach_type":"cgroup_inet_sock_create","id":477,"name":"soglia_sock_create"},{"attach_btf_id":0,"attach_btf_name":"","attach_btf_obj_id":0,"attach_type":"cgroup_inet4_connect","id":478,"name":"soglia_connect4"},{"attach_btf_id":0,"attach_btf_name":"","attach_btf_obj_id":0,"attach_type":"cgroup_inet6_connect","id":479,"name":"soglia_connect6"},{"attach_btf_id":0,"attach_btf_name":"","attach_btf_obj_id":0,"attach_type":"cgroup_udp4_sendmsg","id":480,"name":"soglia_sendmsg4"},{"attach_btf_id":0,"attach_btf_name":"","attach_btf_obj_id":0,"attach_type":"cgroup_udp6_sendmsg","id":481,"name":"soglia_sendmsg6"},{"attach_btf_id":0,"attach_btf_name":"","attach_btf_obj_id":0,"attach_type":"cgroup_sock_ops","id":482,"name":"soglia_sockops"}]
connect4-deny_direct_program_count=6
connect4-deny_effective_program_count=6
connect4-deny_omitted_hook=none
connect4-deny_actual_agent_pid=8441
connect4-deny_target_cgroup_inode=11310
connect4-deny_expected_proc_cgroup=0::/system.slice/soglia-spike-s5-57802605753.service/executions/s1-e1
connect4-deny_proc_exact_membership=true
connect4-deny_cgroup_procs_contains_agent=true
connect4-deny_agent_netns_inode=4026532347
connect4-deny_owned_netns_inode=4026532347
connect4-deny_netns_exact_membership=true
connect4-deny_agent_status_exit=Some(0) signal=None
connect4-deny_agent_stdout_begin
{"cmd":"barrier /run/soglia-spike-s5-connect4-deny-agent.ready /run/soglia-spike-s5-connect4-deny-agent.go 15","ok":true,"detail":"released pid=8441"}
{"cmd":"direct 10.201.0.2:16001","ok":false,"errno":1,"error":"Operation not permitted (os error 1)"}
connect4-deny_agent_stdout_end
connect4-deny_listener_accepted=false
connect4-deny_datagram_received=false
connect4-deny_soglia_diag_entries_dump=[{"key":["0x00","0x00","0x00","0x00"],"value":["0x01","0x00","0x00","0x00","0x00","0x00","0x00","0x00"],"formatted":{"key":0,"value":1}},{"key":["0x01","0x00","0x00","0x00"],"value":["0x01","0x00","0x00","0x00","0x00","0x00","0x00","0x00"],"formatted":{"key":1,"value":1}},{"key":["0x02","0x00","0x00","0x00"],"value":["0x00","0x00","0x00","0x00","0x00","0x00","0x00","0x00"],"formatted":{"key":2,"value":0}},{"key":["0x03","0x00","0x00","0x00"],"value":["0x00","0x00","0x00","0x00","0x00","0x00","0x00","0x00"],"formatted":{"key":3,"value":0}},{"key":["0x04","0x00","0x00","0x00"],"value":["0x00","0x00","0x00","0x00","0x00","0x00","0x00","0x00"],"formatted":{"key":4,"value":0}},{"key":["0x05","0x00","0x00","0x00"],"value":["0x00","0x00","0x00","0x00","0x00","0x00","0x00","0x00"],"formatted":{"key":5,"value":0}},{"key":["0x06","0x00","0x00","0x00"],"value":["0x00","0x00","0x00","0x00","0x00","0x00","0x00","0x00"],"formatted":{"key":6,"value":0}}]
connect4-deny_soglia_counters_dump=[{"key":["0x00","0x00","0x00","0x00"],"value":["0x00","0x00","0x00","0x00","0x00","0x00","0x00","0x00"],"formatted":{"key":0,"value":0}},{"key":["0x01","0x00","0x00","0x00"],"value":["0x00","0x00","0x00","0x00","0x00","0x00","0x00","0x00"],"formatted":{"key":1,"value":0}},{"key":["0x02","0x00","0x00","0x00"],"value":["0x00","0x00","0x00","0x00","0x00","0x00","0x00","0x00"],"formatted":{"key":2,"value":0}},{"key":["0x03","0x00","0x00","0x00"],"value":["0x00","0x00","0x00","0x00","0x00","0x00","0x00","0x00"],"formatted":{"key":3,"value":0}},{"key":["0x04","0x00","0x00","0x00"],"value":["0x01","0x00","0x00","0x00","0x00","0x00","0x00","0x00"],"formatted":{"key":4,"value":1}},{"key":["0x05","0x00","0x00","0x00"],"value":["0x00","0x00","0x00","0x00","0x00","0x00","0x00","0x00"],"formatted":{"key":5,"value":0}},{"key":["0x06","0x00","0x00","0x00"],"value":["0x00","0x00","0x00","0x00","0x00","0x00","0x00","0x00"],"formatted":{"key":6,"value":0}},{"key":["0x07","0x00","0x00","0x00"],"value":["0x00","0x00","0x00","0x00","0x00","0x00","0x00","0x00"],"formatted":{"key":7,"value":0}},{"key":["0x08","0x00","0x00","0x00"],"value":["0x00","0x00","0x00","0x00","0x00","0x00","0x00","0x00"],"formatted":{"key":8,"value":0}}]
connect4-deny_soglia_denies_dump=[{"key":["0x2e","0x2c","0x00","0x00","0x00","0x00","0x00","0x00"],"value":["0x01","0x00","0x00","0x00","0x00","0x00","0x00","0x00"],"formatted":{"key":11310,"value":1}}]
connect4-deny_soglia_tuples_dump=[]
connect4-deny_soglia_cookie_a_dump=[]
connect4-deny_event_0_hex=01000000030000002e2c0000000000004d3000000000000002000000010000000ac90002813e0000a23411e715000000
connect4-deny_diag=[1, 1, 0, 0, 0, 0, 0]
connect4-deny_counters=[0, 0, 0, 0, 1, 0, 0, 0, 0]
connect4-deny_deny_entries=1
connect4-deny_tuple_entries=0
connect4-deny_cookie_entries=0
connect4-deny_event_count=1
phase_end=connect4-deny
phase_begin=connect4-omitted-control
phase_object=/var/tmp/soglia-spike-2/bpf/soglia-diag.o
phase_omitted_hook=soglia_connect4
phase_agent_command=direct 10.201.0.2:16001
connect4-omitted-control_cgroup_direct_json=[{"attach_btf_id":0,"attach_btf_name":"","attach_btf_obj_id":0,"attach_flags":"multi","attach_type":"cgroup_inet_sock_create","id":483,"name":"soglia_sock_create"},{"attach_btf_id":0,"attach_btf_name":"","attach_btf_obj_id":0,"attach_flags":"multi","attach_type":"cgroup_inet6_connect","id":484,"name":"soglia_connect6"},{"attach_btf_id":0,"attach_btf_name":"","attach_btf_obj_id":0,"attach_flags":"multi","attach_type":"cgroup_udp4_sendmsg","id":485,"name":"soglia_sendmsg4"},{"attach_btf_id":0,"attach_btf_name":"","attach_btf_obj_id":0,"attach_flags":"multi","attach_type":"cgroup_udp6_sendmsg","id":486,"name":"soglia_sendmsg6"},{"attach_btf_id":0,"attach_btf_name":"","attach_btf_obj_id":0,"attach_flags":"multi","attach_type":"cgroup_sock_ops","id":487,"name":"soglia_sockops"}]
connect4-omitted-control_cgroup_effective_json=[{"attach_btf_id":0,"attach_btf_name":"","attach_btf_obj_id":0,"attach_type":"cgroup_inet_sock_create","id":483,"name":"soglia_sock_create"},{"attach_btf_id":0,"attach_btf_name":"","attach_btf_obj_id":0,"attach_type":"cgroup_inet6_connect","id":484,"name":"soglia_connect6"},{"attach_btf_id":0,"attach_btf_name":"","attach_btf_obj_id":0,"attach_type":"cgroup_udp4_sendmsg","id":485,"name":"soglia_sendmsg4"},{"attach_btf_id":0,"attach_btf_name":"","attach_btf_obj_id":0,"attach_type":"cgroup_udp6_sendmsg","id":486,"name":"soglia_sendmsg6"},{"attach_btf_id":0,"attach_btf_name":"","attach_btf_obj_id":0,"attach_type":"cgroup_sock_ops","id":487,"name":"soglia_sockops"}]
connect4-omitted-control_direct_program_count=5
connect4-omitted-control_effective_program_count=5
connect4-omitted-control_omitted_hook=soglia_connect4
connect4-omitted-control_actual_agent_pid=8479
connect4-omitted-control_target_cgroup_inode=11310
connect4-omitted-control_expected_proc_cgroup=0::/system.slice/soglia-spike-s5-57802605753.service/executions/s1-e1
connect4-omitted-control_proc_exact_membership=true
connect4-omitted-control_cgroup_procs_contains_agent=true
connect4-omitted-control_agent_netns_inode=4026532347
connect4-omitted-control_owned_netns_inode=4026532347
connect4-omitted-control_netns_exact_membership=true
connect4-omitted-control_agent_status_exit=Some(0) signal=None
connect4-omitted-control_agent_stdout_begin
{"cmd":"barrier /run/soglia-spike-s5-connect4-omitted-control-agent.ready /run/soglia-spike-s5-connect4-omitted-control-agent.go 15","ok":true,"detail":"released pid=8479"}
{"cmd":"direct 10.201.0.2:16001","ok":true,"detail":"connected"}
connect4-omitted-control_agent_stdout_end
observed_tcp_peer=10.201.0.1:57468
connect4-omitted-control_listener_accepted=true
connect4-omitted-control_datagram_received=false
connect4-omitted-control_soglia_diag_entries_dump=[{"key":["0x00","0x00","0x00","0x00"],"value":["0x01","0x00","0x00","0x00","0x00","0x00","0x00","0x00"],"formatted":{"key":0,"value":1}},{"key":["0x01","0x00","0x00","0x00"],"value":["0x00","0x00","0x00","0x00","0x00","0x00","0x00","0x00"],"formatted":{"key":1,"value":0}},{"key":["0x02","0x00","0x00","0x00"],"value":["0x09","0x00","0x00","0x00","0x00","0x00","0x00","0x00"],"formatted":{"key":2,"value":9}},{"key":["0x03","0x00","0x00","0x00"],"value":["0x00","0x00","0x00","0x00","0x00","0x00","0x00","0x00"],"formatted":{"key":3,"value":0}},{"key":["0x04","0x00","0x00","0x00"],"value":["0x01","0x00","0x00","0x00","0x00","0x00","0x00","0x00"],"formatted":{"key":4,"value":1}},{"key":["0x05","0x00","0x00","0x00"],"value":["0x01","0x00","0x00","0x00","0x00","0x00","0x00","0x00"],"formatted":{"key":5,"value":1}},{"key":["0x06","0x00","0x00","0x00"],"value":["0x01","0x00","0x00","0x00","0x00","0x00","0x00","0x00"],"formatted":{"key":6,"value":1}}]
connect4-omitted-control_soglia_counters_dump=[{"key":["0x00","0x00","0x00","0x00"],"value":["0x00","0x00","0x00","0x00","0x00","0x00","0x00","0x00"],"formatted":{"key":0,"value":0}},{"key":["0x01","0x00","0x00","0x00"],"value":["0x00","0x00","0x00","0x00","0x00","0x00","0x00","0x00"],"formatted":{"key":1,"value":0}},{"key":["0x02","0x00","0x00","0x00"],"value":["0x01","0x00","0x00","0x00","0x00","0x00","0x00","0x00"],"formatted":{"key":2,"value":1}},{"key":["0x03","0x00","0x00","0x00"],"value":["0x00","0x00","0x00","0x00","0x00","0x00","0x00","0x00"],"formatted":{"key":3,"value":0}},{"key":["0x04","0x00","0x00","0x00"],"value":["0x00","0x00","0x00","0x00","0x00","0x00","0x00","0x00"],"formatted":{"key":4,"value":0}},{"key":["0x05","0x00","0x00","0x00"],"value":["0x00","0x00","0x00","0x00","0x00","0x00","0x00","0x00"],"formatted":{"key":5,"value":0}},{"key":["0x06","0x00","0x00","0x00"],"value":["0x00","0x00","0x00","0x00","0x00","0x00","0x00","0x00"],"formatted":{"key":6,"value":0}},{"key":["0x07","0x00","0x00","0x00"],"value":["0x00","0x00","0x00","0x00","0x00","0x00","0x00","0x00"],"formatted":{"key":7,"value":0}},{"key":["0x08","0x00","0x00","0x00"],"value":["0x01","0x00","0x00","0x00","0x00","0x00","0x00","0x00"],"formatted":{"key":8,"value":1}}]
connect4-omitted-control_soglia_denies_dump=[]
connect4-omitted-control_soglia_tuples_dump=[]
connect4-omitted-control_soglia_cookie_a_dump=[]
connect4-omitted-control_diag=[1, 0, 9, 0, 1, 1, 1]
connect4-omitted-control_counters=[0, 0, 1, 0, 0, 0, 0, 0, 1]
connect4-omitted-control_deny_entries=0
connect4-omitted-control_tuple_entries=0
connect4-omitted-control_cookie_entries=0
connect4-omitted-control_event_count=0
phase_end=connect4-omitted-control
phase_begin=sockops-present-control
sockops-present-control_cgroup_direct_json=[{"attach_btf_id":0,"attach_btf_name":"","attach_btf_obj_id":0,"attach_flags":"multi","attach_type":"cgroup_inet_sock_create","id":488,"name":"soglia_sock_create"},{"attach_btf_id":0,"attach_btf_name":"","attach_btf_obj_id":0,"attach_flags":"multi","attach_type":"cgroup_inet4_connect","id":489,"name":"soglia_connect4"},{"attach_btf_id":0,"attach_btf_name":"","attach_btf_obj_id":0,"attach_flags":"multi","attach_type":"cgroup_inet6_connect","id":490,"name":"soglia_connect6"},{"attach_btf_id":0,"attach_btf_name":"","attach_btf_obj_id":0,"attach_flags":"multi","attach_type":"cgroup_udp4_sendmsg","id":491,"name":"soglia_sendmsg4"},{"attach_btf_id":0,"attach_btf_name":"","attach_btf_obj_id":0,"attach_flags":"multi","attach_type":"cgroup_udp6_sendmsg","id":492,"name":"soglia_sendmsg6"},{"attach_btf_id":0,"attach_btf_name":"","attach_btf_obj_id":0,"attach_flags":"multi","attach_type":"cgroup_sock_ops","id":493,"name":"soglia_sockops"}]
sockops-present-control_cgroup_effective_json=[{"attach_btf_id":0,"attach_btf_name":"","attach_btf_obj_id":0,"attach_type":"cgroup_inet_sock_create","id":488,"name":"soglia_sock_create"},{"attach_btf_id":0,"attach_btf_name":"","attach_btf_obj_id":0,"attach_type":"cgroup_inet4_connect","id":489,"name":"soglia_connect4"},{"attach_btf_id":0,"attach_btf_name":"","attach_btf_obj_id":0,"attach_type":"cgroup_inet6_connect","id":490,"name":"soglia_connect6"},{"attach_btf_id":0,"attach_btf_name":"","attach_btf_obj_id":0,"attach_type":"cgroup_udp4_sendmsg","id":491,"name":"soglia_sendmsg4"},{"attach_btf_id":0,"attach_btf_name":"","attach_btf_obj_id":0,"attach_type":"cgroup_udp6_sendmsg","id":492,"name":"soglia_sendmsg6"},{"attach_btf_id":0,"attach_btf_name":"","attach_btf_obj_id":0,"attach_type":"cgroup_sock_ops","id":493,"name":"soglia_sockops"}]
sockops-present-control_direct_program_count=6
sockops-present-control_effective_program_count=6
sockops-present-control_omitted_hook=none
sockops-present-control_actual_agent_pid=8517
sockops-present-control_target_cgroup_inode=11310
sockops-present-control_expected_proc_cgroup=0::/system.slice/soglia-spike-s5-57802605753.service/executions/s1-e1
sockops-present-control_proc_exact_membership=true
sockops-present-control_cgroup_procs_contains_agent=true
sockops-present-control_agent_netns_inode=4026532347
sockops-present-control_owned_netns_inode=4026532347
sockops-present-control_netns_exact_membership=true
sockops-present-control_proxy_accepted_peer=10.201.0.1:59150
sockops-present-control_proxy_accepted_local=10.200.255.1:15001
sockops-present-control_proxy_accept_established=true
sockops-present-control_soglia_tuples_dump=[{"key":["0x0a","0xc9","0x00","0x01","0x0a","0xc8","0xff","0x01","0x0e","0xe7","0x00","0x00","0x99","0x3a","0x00","0x00"],"value":["0x41","0x10","0x00","0x00","0x00","0x00","0x00","0x00","0x2e","0x2c","0x00","0x00","0x00","0x00","0x00","0x00","0x2e","0x2c","0x00","0x00","0x00","0x00","0x00","0x00","0x29","0x4f","0x4c","0x00","0x00","0x00","0x00","0x00","0x04","0x00","0x00","0x00","0x00","0x00","0x00","0x00","0x98","0xa9","0x4f","0x01","0x16","0x00","0x00","0x00","0x2e","0x2c","0x00","0x00","0x00","0x00","0x00","0x00","0x00","0x00","0x3a","0x99","0x00","0x00","0x00","0x00"],"formatted":{"key":{"saddr":16828682,"daddr":33540106,"sport":59150,"dport":15001},"value":{"sock_cookie":4161,"a_cgid":11310,"b_cgid":11310,"c_ident":5001001,"d_netns":4,"ts_ns":94511278488,"sockops_current_cgid":11310,"raw_remote_port":2570715136}}}]
sockops-present-control_resolve_result=s5-execution-generation-1
sockops-present-control_tuple_sport=59150
sockops-present-control_tuple_dport=15001
sockops-present-control_a_cgid=11310
sockops-present-control_b_cgid=11310
sockops-present-control_c_ident=5001001
sockops-present-control_application_bytes_read_while_unresolved=0
sockops-present-control_application_after_resolve="HELLO 0"
sockops-present-control_agent_status_exit=Some(0) signal=None
sockops-present-control_agent_stdout_begin
{"cmd":"barrier /run/soglia-spike-s5-sockops-present-control-agent.ready /run/soglia-spike-s5-sockops-present-control-agent.go 15","ok":true,"detail":"released pid=8517"}
{"cmd":"proxy","ok":true,"detail":"ATTRIBUTED s5-execution-generation-1","i":0,"local":"10.201.0.1:59150"}
sockops-present-control_agent_stdout_end
sockops-present-control_soglia_diag_entries_dump=[{"key":["0x00","0x00","0x00","0x00"],"value":["0x01","0x00","0x00","0x00","0x00","0x00","0x00","0x00"],"formatted":{"key":0,"value":1}},{"key":["0x01","0x00","0x00","0x00"],"value":["0x01","0x00","0x00","0x00","0x00","0x00","0x00","0x00"],"formatted":{"key":1,"value":1}},{"key":["0x02","0x00","0x00","0x00"],"value":["0x07","0x00","0x00","0x00","0x00","0x00","0x00","0x00"],"formatted":{"key":2,"value":7}},{"key":["0x03","0x00","0x00","0x00"],"value":["0x01","0x00","0x00","0x00","0x00","0x00","0x00","0x00"],"formatted":{"key":3,"value":1}},{"key":["0x04","0x00","0x00","0x00"],"value":["0x01","0x00","0x00","0x00","0x00","0x00","0x00","0x00"],"formatted":{"key":4,"value":1}},{"key":["0x05","0x00","0x00","0x00"],"value":["0x01","0x00","0x00","0x00","0x00","0x00","0x00","0x00"],"formatted":{"key":5,"value":1}},{"key":["0x06","0x00","0x00","0x00"],"value":["0x01","0x00","0x00","0x00","0x00","0x00","0x00","0x00"],"formatted":{"key":6,"value":1}}]
sockops-present-control_soglia_counters_dump=[{"key":["0x00","0x00","0x00","0x00"],"value":["0x00","0x00","0x00","0x00","0x00","0x00","0x00","0x00"],"formatted":{"key":0,"value":0}},{"key":["0x01","0x00","0x00","0x00"],"value":["0x00","0x00","0x00","0x00","0x00","0x00","0x00","0x00"],"formatted":{"key":1,"value":0}},{"key":["0x02","0x00","0x00","0x00"],"value":["0x01","0x00","0x00","0x00","0x00","0x00","0x00","0x00"],"formatted":{"key":2,"value":1}},{"key":["0x03","0x00","0x00","0x00"],"value":["0x00","0x00","0x00","0x00","0x00","0x00","0x00","0x00"],"formatted":{"key":3,"value":0}},{"key":["0x04","0x00","0x00","0x00"],"value":["0x00","0x00","0x00","0x00","0x00","0x00","0x00","0x00"],"formatted":{"key":4,"value":0}},{"key":["0x05","0x00","0x00","0x00"],"value":["0x00","0x00","0x00","0x00","0x00","0x00","0x00","0x00"],"formatted":{"key":5,"value":0}},{"key":["0x06","0x00","0x00","0x00"],"value":["0x00","0x00","0x00","0x00","0x00","0x00","0x00","0x00"],"formatted":{"key":6,"value":0}},{"key":["0x07","0x00","0x00","0x00"],"value":["0x00","0x00","0x00","0x00","0x00","0x00","0x00","0x00"],"formatted":{"key":7,"value":0}},{"key":["0x08","0x00","0x00","0x00"],"value":["0x01","0x00","0x00","0x00","0x00","0x00","0x00","0x00"],"formatted":{"key":8,"value":1}}]
sockops-present-control_soglia_denies_dump=[]
sockops-present-control_soglia_tuples_dump=[]
sockops-present-control_soglia_cookie_a_dump=[]
sockops-present-control_diag=[1, 1, 7, 1, 1, 1, 1]
sockops-present-control_counters=[0, 0, 1, 0, 0, 0, 0, 0, 1]
sockops-present-control_deny_entries=0
sockops-present-control_tuple_entries=0
sockops-present-control_cookie_entries=0
sockops-present-control_event_count=0
phase_end=sockops-present-control
phase_begin=sockops-omitted
sockops-omitted_cgroup_direct_json=[{"attach_btf_id":0,"attach_btf_name":"","attach_btf_obj_id":0,"attach_flags":"multi","attach_type":"cgroup_inet_sock_create","id":494,"name":"soglia_sock_create"},{"attach_btf_id":0,"attach_btf_name":"","attach_btf_obj_id":0,"attach_flags":"multi","attach_type":"cgroup_inet4_connect","id":495,"name":"soglia_connect4"},{"attach_btf_id":0,"attach_btf_name":"","attach_btf_obj_id":0,"attach_flags":"multi","attach_type":"cgroup_inet6_connect","id":496,"name":"soglia_connect6"},{"attach_btf_id":0,"attach_btf_name":"","attach_btf_obj_id":0,"attach_flags":"multi","attach_type":"cgroup_udp4_sendmsg","id":497,"name":"soglia_sendmsg4"},{"attach_btf_id":0,"attach_btf_name":"","attach_btf_obj_id":0,"attach_flags":"multi","attach_type":"cgroup_udp6_sendmsg","id":498,"name":"soglia_sendmsg6"}]
sockops-omitted_cgroup_effective_json=[{"attach_btf_id":0,"attach_btf_name":"","attach_btf_obj_id":0,"attach_type":"cgroup_inet_sock_create","id":494,"name":"soglia_sock_create"},{"attach_btf_id":0,"attach_btf_name":"","attach_btf_obj_id":0,"attach_type":"cgroup_inet4_connect","id":495,"name":"soglia_connect4"},{"attach_btf_id":0,"attach_btf_name":"","attach_btf_obj_id":0,"attach_type":"cgroup_inet6_connect","id":496,"name":"soglia_connect6"},{"attach_btf_id":0,"attach_btf_name":"","attach_btf_obj_id":0,"attach_type":"cgroup_udp4_sendmsg","id":497,"name":"soglia_sendmsg4"},{"attach_btf_id":0,"attach_btf_name":"","attach_btf_obj_id":0,"attach_type":"cgroup_udp6_sendmsg","id":498,"name":"soglia_sendmsg6"}]
sockops-omitted_direct_program_count=5
sockops-omitted_effective_program_count=5
sockops-omitted_omitted_hook=soglia_sockops
sockops-omitted_actual_agent_pid=8561
sockops-omitted_target_cgroup_inode=11310
sockops-omitted_expected_proc_cgroup=0::/system.slice/soglia-spike-s5-57802605753.service/executions/s1-e1
sockops-omitted_proc_exact_membership=true
sockops-omitted_cgroup_procs_contains_agent=true
sockops-omitted_agent_netns_inode=4026532347
sockops-omitted_owned_netns_inode=4026532347
sockops-omitted_netns_exact_membership=true
sockops-omitted_proxy_accepted_peer=10.201.0.1:59154
sockops-omitted_proxy_accepted_local=10.200.255.1:15001
sockops-omitted_proxy_accept_established=true
sockops-omitted_soglia_tuples_dump=[]
sockops-omitted_soglia_tuples_dump=[]
sockops-omitted_soglia_tuples_dump=[]
sockops-omitted_soglia_tuples_dump=[]
sockops-omitted_soglia_tuples_dump=[]
sockops-omitted_soglia_tuples_dump=[]
sockops-omitted_soglia_tuples_dump=[]
sockops-omitted_soglia_tuples_dump=[]
sockops-omitted_soglia_tuples_dump=[]
sockops-omitted_soglia_tuples_dump=[]
sockops-omitted_soglia_tuples_dump=[]
sockops-omitted_soglia_tuples_dump=[]
sockops-omitted_soglia_tuples_dump=[]
sockops-omitted_soglia_tuples_dump=[]
sockops-omitted_soglia_tuples_dump=[]
sockops-omitted_soglia_tuples_dump=[]
sockops-omitted_soglia_tuples_dump=[]
sockops-omitted_soglia_tuples_dump=[]
sockops-omitted_soglia_tuples_dump=[]
sockops-omitted_soglia_tuples_dump=[]
sockops-omitted_soglia_tuples_dump=[]
sockops-omitted_soglia_tuples_dump=[]
sockops-omitted_soglia_tuples_dump=[]
sockops-omitted_soglia_tuples_dump=[]
sockops-omitted_soglia_tuples_dump=[]
sockops-omitted_soglia_tuples_dump=[]
sockops-omitted_soglia_tuples_dump=[]
sockops-omitted_soglia_tuples_dump=[]
sockops-omitted_soglia_tuples_dump=[]
sockops-omitted_soglia_tuples_dump=[]
sockops-omitted_soglia_tuples_dump=[]
sockops-omitted_soglia_tuples_dump=[]
sockops-omitted_soglia_tuples_dump=[]
sockops-omitted_soglia_tuples_dump=[]
sockops-omitted_soglia_tuples_dump=[]
sockops-omitted_soglia_tuples_dump=[]
sockops-omitted_soglia_tuples_dump=[]
sockops-omitted_soglia_tuples_dump=[]
sockops-omitted_soglia_tuples_dump=[]
sockops-omitted_resolve_result=TIMEOUT_DENY
sockops-omitted_resolve_timeout_ms=2000
sockops-omitted_application_bytes_read_while_unresolved=0
sockops-omitted_dns_while_unresolved=0
sockops-omitted_outbound_effects_while_unresolved=0
sockops-omitted_ip_fallback_authorization=false
sockops-omitted_agent_status_exit=Some(0) signal=None
sockops-omitted_agent_stdout_begin
{"cmd":"barrier /run/soglia-spike-s5-sockops-omitted-agent.ready /run/soglia-spike-s5-sockops-omitted-agent.go 15","ok":true,"detail":"released pid=8561"}
{"cmd":"proxy","ok":false,"errno":104,"error":"Connection reset by peer (os error 104)","i":0,"local":"10.201.0.1:59154"}
sockops-omitted_agent_stdout_end
sockops-omitted_soglia_diag_entries_dump=[{"key":["0x00","0x00","0x00","0x00"],"value":["0x01","0x00","0x00","0x00","0x00","0x00","0x00","0x00"],"formatted":{"key":0,"value":1}},{"key":["0x01","0x00","0x00","0x00"],"value":["0x01","0x00","0x00","0x00","0x00","0x00","0x00","0x00"],"formatted":{"key":1,"value":1}},{"key":["0x02","0x00","0x00","0x00"],"value":["0x00","0x00","0x00","0x00","0x00","0x00","0x00","0x00"],"formatted":{"key":2,"value":0}},{"key":["0x03","0x00","0x00","0x00"],"value":["0x01","0x00","0x00","0x00","0x00","0x00","0x00","0x00"],"formatted":{"key":3,"value":1}},{"key":["0x04","0x00","0x00","0x00"],"value":["0x00","0x00","0x00","0x00","0x00","0x00","0x00","0x00"],"formatted":{"key":4,"value":0}},{"key":["0x05","0x00","0x00","0x00"],"value":["0x00","0x00","0x00","0x00","0x00","0x00","0x00","0x00"],"formatted":{"key":5,"value":0}},{"key":["0x06","0x00","0x00","0x00"],"value":["0x00","0x00","0x00","0x00","0x00","0x00","0x00","0x00"],"formatted":{"key":6,"value":0}}]
sockops-omitted_soglia_counters_dump=[{"key":["0x00","0x00","0x00","0x00"],"value":["0x00","0x00","0x00","0x00","0x00","0x00","0x00","0x00"],"formatted":{"key":0,"value":0}},{"key":["0x01","0x00","0x00","0x00"],"value":["0x00","0x00","0x00","0x00","0x00","0x00","0x00","0x00"],"formatted":{"key":1,"value":0}},{"key":["0x02","0x00","0x00","0x00"],"value":["0x00","0x00","0x00","0x00","0x00","0x00","0x00","0x00"],"formatted":{"key":2,"value":0}},{"key":["0x03","0x00","0x00","0x00"],"value":["0x00","0x00","0x00","0x00","0x00","0x00","0x00","0x00"],"formatted":{"key":3,"value":0}},{"key":["0x04","0x00","0x00","0x00"],"value":["0x00","0x00","0x00","0x00","0x00","0x00","0x00","0x00"],"formatted":{"key":4,"value":0}},{"key":["0x05","0x00","0x00","0x00"],"value":["0x00","0x00","0x00","0x00","0x00","0x00","0x00","0x00"],"formatted":{"key":5,"value":0}},{"key":["0x06","0x00","0x00","0x00"],"value":["0x00","0x00","0x00","0x00","0x00","0x00","0x00","0x00"],"formatted":{"key":6,"value":0}},{"key":["0x07","0x00","0x00","0x00"],"value":["0x00","0x00","0x00","0x00","0x00","0x00","0x00","0x00"],"formatted":{"key":7,"value":0}},{"key":["0x08","0x00","0x00","0x00"],"value":["0x00","0x00","0x00","0x00","0x00","0x00","0x00","0x00"],"formatted":{"key":8,"value":0}}]
sockops-omitted_soglia_denies_dump=[]
sockops-omitted_soglia_tuples_dump=[]
sockops-omitted_soglia_cookie_a_dump=[{"key":["0xb8","0x20","0x00","0x00","0x00","0x00","0x00","0x00"],"value":["0x2e","0x2c","0x00","0x00","0x00","0x00","0x00","0x00"],"formatted":{"key":8376,"value":11310}}]
sockops-omitted_diag=[1, 1, 0, 1, 0, 0, 0]
sockops-omitted_counters=[0, 0, 0, 0, 0, 0, 0, 0, 0]
sockops-omitted_deny_entries=0
sockops-omitted_tuple_entries=0
sockops-omitted_cookie_entries=1
sockops-omitted_event_count=0
sockops-omitted_attribution_publication=ABSENT
sockops-omitted_connect4_cookie_state_without_sockops_cleanup=1
phase_end=sockops-omitted
S5_HOOK_sock_create=ISOLATED
S5_HOOK_connect4=ISOLATED
S5_HOOK_connect6=ISOLATED
S5_HOOK_sendmsg4=ISOLATED
S5_HOOK_sendmsg6=ISOLATED
S5_HOOK_sockops=ISOLATED
S5_RESULT=PASS
